Archive member included to satisfy reference by file (symbol)

/usr/lib/gcc/arm-none-eabi/10.3.1/thumb/v6-m/nofp/libgcc.a(_dvmd_tls.o)
                              CMakeFiles/claw_servo.dir/opt/pico-sdk/src/rp2_common/pico_divider/divider.S.obj (__aeabi_idiv0)
/usr/lib/gcc/arm-none-eabi/10.3.1/../../../arm-none-eabi/lib/thumb/v6-m/nofp/libc.a(lib_a-atexit.o)
                              /usr/lib/gcc/arm-none-eabi/10.3.1/../../../arm-none-eabi/lib/thumb/v6-m/nofp/crt0.o (atexit)
/usr/lib/gcc/arm-none-eabi/10.3.1/../../../arm-none-eabi/lib/thumb/v6-m/nofp/libc.a(lib_a-atoi.o)
                              CMakeFiles/claw_servo.dir/opt/pico-sdk/lib/lwip/src/core/netif.c.obj (atoi)
/usr/lib/gcc/arm-none-eabi/10.3.1/../../../arm-none-eabi/lib/thumb/v6-m/nofp/libc.a(lib_a-calloc.o)
                              CMakeFiles/claw_servo.dir/opt/pico-sdk/src/rp2_common/pico_malloc/pico_malloc.c.obj (calloc)
/usr/lib/gcc/arm-none-eabi/10.3.1/../../../arm-none-eabi/lib/thumb/v6-m/nofp/libc.a(lib_a-callocr.o)
                              /usr/lib/gcc/arm-none-eabi/10.3.1/../../../arm-none-eabi/lib/thumb/v6-m/nofp/libc.a(lib_a-calloc.o) (_calloc_r)
/usr/lib/gcc/arm-none-eabi/10.3.1/../../../arm-none-eabi/lib/thumb/v6-m/nofp/libc.a(lib_a-ctype_.o)
                              CMakeFiles/claw_servo.dir/opt/pico-sdk/lib/lwip/src/core/dns.c.obj (_ctype_)
/usr/lib/gcc/arm-none-eabi/10.3.1/../../../arm-none-eabi/lib/thumb/v6-m/nofp/libc.a(lib_a-fini.o)
                              /usr/lib/gcc/arm-none-eabi/10.3.1/../../../arm-none-eabi/lib/thumb/v6-m/nofp/crt0.o (__libc_fini_array)
/usr/lib/gcc/arm-none-eabi/10.3.1/../../../arm-none-eabi/lib/thumb/v6-m/nofp/libc.a(lib_a-impure.o)
                              /usr/lib/gcc/arm-none-eabi/10.3.1/../../../arm-none-eabi/lib/thumb/v6-m/nofp/libc.a(lib_a-calloc.o) (_impure_ptr)
/usr/lib/gcc/arm-none-eabi/10.3.1/../../../arm-none-eabi/lib/thumb/v6-m/nofp/libc.a(lib_a-init.o)
                              /usr/lib/gcc/arm-none-eabi/10.3.1/../../../arm-none-eabi/lib/thumb/v6-m/nofp/crt0.o (__libc_init_array)
/usr/lib/gcc/arm-none-eabi/10.3.1/../../../arm-none-eabi/lib/thumb/v6-m/nofp/libc.a(lib_a-malloc.o)
                              CMakeFiles/claw_servo.dir/opt/pico-sdk/src/rp2_common/pico_malloc/pico_malloc.c.obj (malloc)
/usr/lib/gcc/arm-none-eabi/10.3.1/../../../arm-none-eabi/lib/thumb/v6-m/nofp/libc.a(lib_a-mallocr.o)
                              /usr/lib/gcc/arm-none-eabi/10.3.1/../../../arm-none-eabi/lib/thumb/v6-m/nofp/libc.a(lib_a-callocr.o) (_malloc_r)
/usr/lib/gcc/arm-none-eabi/10.3.1/../../../arm-none-eabi/lib/thumb/v6-m/nofp/libc.a(lib_a-memcmp.o)
                              CMakeFiles/claw_servo.dir/opt/pico-sdk/lib/lwip/src/netif/ethernet.c.obj (memcmp)
/usr/lib/gcc/arm-none-eabi/10.3.1/../../../arm-none-eabi/lib/thumb/v6-m/nofp/libc.a(lib_a-memmove.o)
                              CMakeFiles/claw_servo.dir/opt/pico-sdk/lib/lwip/src/core/def.c.obj (memmove)
/usr/lib/gcc/arm-none-eabi/10.3.1/../../../arm-none-eabi/lib/thumb/v6-m/nofp/libc.a(lib_a-mlock.o)
                              /usr/lib/gcc/arm-none-eabi/10.3.1/../../../arm-none-eabi/lib/thumb/v6-m/nofp/libc.a(lib_a-mallocr.o) (__malloc_lock)
/usr/lib/gcc/arm-none-eabi/10.3.1/../../../arm-none-eabi/lib/thumb/v6-m/nofp/libc.a(lib_a-realloc.o)
                              CMakeFiles/claw_servo.dir/opt/pico-sdk/src/rp2_common/pico_malloc/pico_malloc.c.obj (realloc)
/usr/lib/gcc/arm-none-eabi/10.3.1/../../../arm-none-eabi/lib/thumb/v6-m/nofp/libc.a(lib_a-reallocr.o)
                              /usr/lib/gcc/arm-none-eabi/10.3.1/../../../arm-none-eabi/lib/thumb/v6-m/nofp/libc.a(lib_a-realloc.o) (_realloc_r)
/usr/lib/gcc/arm-none-eabi/10.3.1/../../../arm-none-eabi/lib/thumb/v6-m/nofp/libc.a(lib_a-sbrkr.o)
                              /usr/lib/gcc/arm-none-eabi/10.3.1/../../../arm-none-eabi/lib/thumb/v6-m/nofp/libc.a(lib_a-mallocr.o) (_sbrk_r)
/usr/lib/gcc/arm-none-eabi/10.3.1/../../../arm-none-eabi/lib/thumb/v6-m/nofp/libc.a(lib_a-strlen-stub.o)
                              CMakeFiles/claw_servo.dir/opt/pico-sdk/lib/lwip/src/core/def.c.obj (strlen)
/usr/lib/gcc/arm-none-eabi/10.3.1/../../../arm-none-eabi/lib/thumb/v6-m/nofp/libc.a(lib_a-strncmp.o)
                              CMakeFiles/claw_servo.dir/opt/pico-sdk/lib/lwip/src/core/def.c.obj (strncmp)
/usr/lib/gcc/arm-none-eabi/10.3.1/../../../arm-none-eabi/lib/thumb/v6-m/nofp/libc.a(lib_a-strtol.o)
                              /usr/lib/gcc/arm-none-eabi/10.3.1/../../../arm-none-eabi/lib/thumb/v6-m/nofp/libc.a(lib_a-atoi.o) (_strtol_r)
/usr/lib/gcc/arm-none-eabi/10.3.1/../../../arm-none-eabi/lib/thumb/v6-m/nofp/libc.a(lib_a-__atexit.o)
                              /usr/lib/gcc/arm-none-eabi/10.3.1/../../../arm-none-eabi/lib/thumb/v6-m/nofp/libc.a(lib_a-atexit.o) (__register_exitproc)
/usr/lib/gcc/arm-none-eabi/10.3.1/../../../arm-none-eabi/lib/thumb/v6-m/nofp/libc.a(lib_a-errno.o)
[...]
Memory Configuration

Name             Origin             Length             Attributes
FLASH            0x0000000010000000 0x0000000000200000 xr
RAM              0x0000000020000000 0x0000000000040000 xrw
SCRATCH_X        0x0000000020040000 0x0000000000001000 xrw
SCRATCH_Y        0x0000000020041000 0x0000000000001000 xrw
*default*        0x0000000000000000 0xffffffffffffffff

Linker script and memory map

LOAD /usr/lib/gcc/arm-none-eabi/10.3.1/thumb/v6-m/nofp/crti.o
LOAD /usr/lib/gcc/arm-none-eabi/10.3.1/thumb/v6-m/nofp/crtbegin.o
LOAD /usr/lib/gcc/arm-none-eabi/10.3.1/../../../arm-none-eabi/lib/thumb/v6-m/nofp/crt0.o

.flash_begin    0x0000000010000000        0x0
                0x0000000010000000                __flash_binary_start = .

.boot2          0x0000000010000000      0x100
                0x0000000010000000                __boot2_start__ = .
 *(.boot2)
 .boot2         0x0000000010000000      0x100 /tmp/cc9dgtxE.o
                0x0000000010000100                __boot2_end__ = .
                0x0000000000000001                ASSERT (((__boot2_end__ - __boot2_start__) == 0x100), ERROR: Pico second stage bootloader must be 256 bytes in size)

.text           0x0000000010000100     0x1d38
                0x0000000010000100                __logical_binary_start = .
 *(.vectors)
 .vectors       0x0000000010000100       0xd4 CMakeFiles/claw_servo.dir/opt/pico-sdk/src/rp2_common/pico_standard_link/crt0.S.obj
                0x0000000010000100                __vectors
                0x0000000010000100                __VECTOR_TABLE
                0x00000000100001c0                isr_invalid
                0x00000000100001c0                __default_isrs_start
                0x00000000100001c2                isr_nmi
                0x00000000100001c4                isr_hardfault
                0x00000000100001c6                isr_svcall
                0x00000000100001c8                isr_pendsv
                0x00000000100001ca                isr_systick
                0x00000000100001cc                isr_irq30
                0x00000000100001cc                __unhandled_user_irq
                0x00000000100001cc                isr_irq13
                0x00000000100001cc                isr_irq27
                0x00000000100001cc                isr_irq31
                0x00000000100001cc                isr_irq5
                0x00000000100001cc                isr_irq11
                0x00000000100001cc                isr_irq23
                0x00000000100001cc                isr_irq18
                0x00000000100001cc                isr_irq28
                0x00000000100001cc                isr_irq19
                0x00000000100001cc                isr_irq0
                0x00000000100001cc                isr_irq6
                0x00000000100001cc                isr_irq22
                0x00000000100001cc                isr_irq17
                0x00000000100001cc                isr_irq14
                0x00000000100001cc                isr_irq2
                0x00000000100001cc                isr_irq10
                0x00000000100001cc                isr_irq8
                0x00000000100001cc                isr_irq24
                0x00000000100001cc                isr_irq1
                0x00000000100001cc                isr_irq7
                0x00000000100001cc                isr_irq21
                0x00000000100001cc                isr_irq20
                0x00000000100001cc                isr_irq15
                0x00000000100001cc                isr_irq25
                0x00000000100001cc                isr_irq4
                0x00000000100001cc                isr_irq16
                0x00000000100001cc                isr_irq29
                0x00000000100001cc                isr_irq26
                0x00000000100001cc                __default_isrs_end
                0x00000000100001cc                isr_irq3
                0x00000000100001cc                isr_irq12
                0x00000000100001cc                isr_irq9
                0x00000000100001d2                unhandled_user_irq_num_in_r0
 *(.binary_info_header)
 .binary_info_header
                0x00000000100001d4       0x14 CMakeFiles/claw_servo.dir/opt/pico-sdk/src/rp2_common/pico_standard_link/crt0.S.obj
                0x00000000100001e8                __binary_info_header_end = .
 *(.reset)
 .reset         0x00000000100001e8       0xa0 CMakeFiles/claw_servo.dir/opt/pico-sdk/src/rp2_common/pico_standard_link/crt0.S.obj
                0x00000000100001e8                _entry_point
 .reset         0x0000000010000288       0x30 CMakeFiles/claw_servo.dir/opt/pico-sdk/src/rp2_common/pico_standard_link/binary_info.c.obj
 *(.init)
 .init          0x00000000100002b8        0x4 /usr/lib/gcc/arm-none-eabi/10.3.1/thumb/v6-m/nofp/crti.o
                0x00000000100002b8                _init
 *(EXCLUDE_FILE(*libm.a: *libc.a:*lib_a-mem*.o *libgcc.a:) .text*)
 .text          0x00000000100002bc       0x98 /usr/lib/gcc/arm-none-eabi/10.3.1/thumb/v6-m/nofp/crtbegin.o
 .text.running_on_fpga
                0x0000000010000354       0x10 CMakeFiles/claw_servo.dir/opt/pico-sdk/src/rp2_common/pico_platform/platform.c.obj
                0x0000000010000354                running_on_fpga
 .text.startup._retrieve_unique_id_on_boot
                0x0000000010000364       0x10 CMakeFiles/claw_servo.dir/opt/pico-sdk/src/rp2_common/pico_unique_id/unique_id.c.obj
 .text.flash_get_unique_id
                0x0000000010000374       0x40 CMakeFiles/claw_servo.dir/opt/pico-sdk/src/rp2_common/hardware_flash/flash.c.obj
                0x0000000010000374                flash_get_unique_id
 .text.hw_claim_or_assert
                0x00000000100003b4       0x44 CMakeFiles/claw_servo.dir/opt/pico-sdk/src/rp2_common/hardware_claim/claim.c.obj
                0x00000000100003b4                hw_claim_or_assert
 .text.spin_locks_reset
                0x00000000100003f8       0x1c CMakeFiles/claw_servo.dir/opt/pico-sdk/src/rp2_common/hardware_sync/sync.c.obj
                0x00000000100003f8                spin_locks_reset
 .text.next_striped_spin_lock_num
                0x0000000010000414       0x18 CMakeFiles/claw_servo.dir/opt/pico-sdk/src/rp2_common/hardware_sync/sync.c.obj
                0x0000000010000414                next_striped_spin_lock_num
 .text.rom_func_lookup
                0x000000001000042c       0x10 CMakeFiles/claw_servo.dir/opt/pico-sdk/src/rp2_common/pico_bootrom/bootrom.c.obj
                0x000000001000042c                rom_func_lookup
 .text.rom_data_lookup
                0x000000001000043c       0x10 CMakeFiles/claw_servo.dir/opt/pico-sdk/src/rp2_common/pico_bootrom/bootrom.c.obj
                0x000000001000043c                rom_data_lookup
 .text.rom_funcs_lookup
                0x000000001000044c       0x44 CMakeFiles/claw_servo.dir/opt/pico-sdk/src/rp2_common/pico_bootrom/bootrom.c.obj
                0x000000001000044c                rom_funcs_lookup
 .text.clocks_init
                0x0000000010000490      0x2d0 CMakeFiles/claw_servo.dir/opt/pico-sdk/src/rp2_common/hardware_clocks/clocks.c.obj
                0x0000000010000490                clocks_init
 .text.irq_set_enabled
                0x0000000010000760       0x24 CMakeFiles/claw_servo.dir/opt/pico-sdk/src/rp2_common/hardware_irq/irq.c.obj
                0x0000000010000760                irq_set_enabled
 .text.irq_get_vtable_handler
                0x0000000010000784       0x10 CMakeFiles/claw_servo.dir/opt/pico-sdk/src/rp2_common/hardware_irq/irq.c.obj
                0x0000000010000784                irq_get_vtable_handler
 .text.irq_set_exclusive_handler
                0x0000000010000794       0x54 CMakeFiles/claw_servo.dir/opt/pico-sdk/src/rp2_common/hardware_irq/irq.c.obj
                0x0000000010000794                irq_set_exclusive_handler
 .text.irq_remove_handler
                0x00000000100007e8      0x1b0 CMakeFiles/claw_servo.dir/opt/pico-sdk/src/rp2_common/hardware_irq/irq.c.obj
                0x00000000100007e8                irq_remove_handler
 .text.irq_add_tail_to_free_list
                0x0000000010000998       0xe4 CMakeFiles/claw_servo.dir/opt/pico-sdk/src/rp2_common/hardware_irq/irq.c.obj
                0x0000000010000998                irq_add_tail_to_free_list
 .text.irq_init_priorities
                0x0000000010000a7c       0x24 CMakeFiles/claw_servo.dir/opt/pico-sdk/src/rp2_common/hardware_irq/irq.c.obj
                0x0000000010000a7c                irq_init_priorities
 .text.lock_init
                0x0000000010000aa0       0x10 CMakeFiles/claw_servo.dir/opt/pico-sdk/src/common/pico_sync/lock_core.c.obj
                0x0000000010000aa0                lock_init
 .text.mutex_init
                0x0000000010000ab0       0x1c CMakeFiles/claw_servo.dir/opt/pico-sdk/src/common/pico_sync/mutex.c.obj
                0x0000000010000ab0                mutex_init
 .text.recursive_mutex_init
                0x0000000010000acc       0x1c CMakeFiles/claw_servo.dir/opt/pico-sdk/src/common/pico_sync/mutex.c.obj
                0x0000000010000acc                recursive_mutex_init
 .text.timer_pool_entry_comparator
                0x0000000010000ae8       0x34 CMakeFiles/claw_servo.dir/opt/pico-sdk/src/common/pico_time/time.c.obj
                0x0000000010000ae8                timer_pool_entry_comparator
 .text.sleep_until_callback
                0x0000000010000b1c       0x30 CMakeFiles/claw_servo.dir/opt/pico-sdk/src/common/pico_time/time.c.obj
 .text.add_alarm_under_lock.isra.0
                0x0000000010000b4c      0x100 CMakeFiles/claw_servo.dir/opt/pico-sdk/src/common/pico_time/time.c.obj
 .text.alarm_pool_alarm_callback
                0x0000000010000c4c      0x1bc CMakeFiles/claw_servo.dir/opt/pico-sdk/src/common/pico_time/time.c.obj
 .text.alarm_pool_init_default
                0x0000000010000e08       0x6c CMakeFiles/claw_servo.dir/opt/pico-sdk/src/common/pico_time/time.c.obj
                0x0000000010000e08                alarm_pool_init_default
 .text.alarm_pool_add_alarm_at
                0x0000000010000e74      0x178 CMakeFiles/claw_servo.dir/opt/pico-sdk/src/common/pico_time/time.c.obj
                0x0000000010000e74                alarm_pool_add_alarm_at
 .text.best_effort_wfe_or_timeout
                0x0000000010000fec       0xd4 CMakeFiles/claw_servo.dir/opt/pico-sdk/src/common/pico_time/time.c.obj
                0x0000000010000fec                best_effort_wfe_or_timeout
 .text.hardware_alarm_irq_handler
                0x00000000100010c0       0xbc CMakeFiles/claw_servo.dir/opt/pico-sdk/src/rp2_common/hardware_timer/timer.c.obj
 .text.hardware_alarm_claim
                0x000000001000117c       0x18 CMakeFiles/claw_servo.dir/opt/pico-sdk/src/rp2_common/hardware_timer/timer.c.obj
                0x000000001000117c                hardware_alarm_claim
 .text.time_us_64
                0x0000000010001194       0x14 CMakeFiles/claw_servo.dir/opt/pico-sdk/src/rp2_common/hardware_timer/timer.c.obj
                0x0000000010001194                time_us_64
 .text.hardware_alarm_set_callback
                0x00000000100011a8       0x8c CMakeFiles/claw_servo.dir/opt/pico-sdk/src/rp2_common/hardware_timer/timer.c.obj
                0x00000000100011a8                hardware_alarm_set_callback
 .text.hardware_alarm_set_target
                0x0000000010001234       0xd4 CMakeFiles/claw_servo.dir/opt/pico-sdk/src/rp2_common/hardware_timer/timer.c.obj
                0x0000000010001234                hardware_alarm_set_target
 .text.hardware_alarm_cancel
                0x0000000010001308       0x3c CMakeFiles/claw_servo.dir/opt/pico-sdk/src/rp2_common/hardware_timer/timer.c.obj
                0x0000000010001308                hardware_alarm_cancel
 .text.ph_merge_nodes
                0x0000000010001344       0x68 CMakeFiles/claw_servo.dir/opt/pico-sdk/src/common/pico_util/pheap.c.obj
 .text.ph_post_alloc_init
                0x00000000100013ac       0x3c CMakeFiles/claw_servo.dir/opt/pico-sdk/src/common/pico_util/pheap.c.obj
                0x00000000100013ac                ph_post_alloc_init
 .text.ph_merge_two_pass
                0x00000000100013e8       0x90 CMakeFiles/claw_servo.dir/opt/pico-sdk/src/common/pico_util/pheap.c.obj
                0x00000000100013e8                ph_merge_two_pass
 .text.ph_remove_any_head
                0x0000000010001478      0x100 CMakeFiles/claw_servo.dir/opt/pico-sdk/src/common/pico_util/pheap.c.obj
 .text.ph_remove_head
                0x0000000010001578      0x104 CMakeFiles/claw_servo.dir/opt/pico-sdk/src/common/pico_util/pheap.c.obj
                0x0000000010001578                ph_remove_head
 .text.ph_remove_and_free_node
                0x000000001000167c       0x7c CMakeFiles/claw_servo.dir/opt/pico-sdk/src/common/pico_util/pheap.c.obj
                0x000000001000167c                ph_remove_and_free_node
 .text.pll_init
                0x00000000100016f8       0xa0 CMakeFiles/claw_servo.dir/opt/pico-sdk/src/rp2_common/hardware_pll/pll.c.obj
                0x00000000100016f8                pll_init
 .text.watchdog_start_tick
                0x0000000010001798       0x10 CMakeFiles/claw_servo.dir/opt/pico-sdk/src/rp2_common/hardware_watchdog/watchdog.c.obj
                0x0000000010001798                watchdog_start_tick
 .text.xosc_init
                0x00000000100017a8       0x28 CMakeFiles/claw_servo.dir/opt/pico-sdk/src/rp2_common/hardware_xosc/xosc.c.obj
                0x00000000100017a8                xosc_init
 .text.runtime_init
                0x00000000100017d0       0xf0 CMakeFiles/claw_servo.dir/opt/pico-sdk/src/rp2_common/pico_runtime/runtime.c.obj
                0x00000000100017d0                runtime_init
 .text._exit    0x00000000100018c0        0x4 CMakeFiles/claw_servo.dir/opt/pico-sdk/src/rp2_common/pico_runtime/runtime.c.obj
                0x00000000100018c0                _exit
 .text.exit     0x00000000100018c4        0x8 CMakeFiles/claw_servo.dir/opt/pico-sdk/src/rp2_common/pico_runtime/runtime.c.obj
                0x00000000100018c4                exit
 .text.panic    0x00000000100018cc       0x30 CMakeFiles/claw_servo.dir/opt/pico-sdk/src/rp2_common/pico_runtime/runtime.c.obj
                0x00000000100018cc                panic
 .text.hard_assertion_failure
                0x00000000100018fc        0xc CMakeFiles/claw_servo.dir/opt/pico-sdk/src/rp2_common/pico_runtime/runtime.c.obj
                0x00000000100018fc                hard_assertion_failure
 .text._out_char
                0x0000000010001908       0x10 CMakeFiles/claw_servo.dir/opt/pico-sdk/src/rp2_common/pico_printf/printf.c.obj
 .text.weak_raw_vprintf
                0x0000000010001918       0x30 CMakeFiles/claw_servo.dir/opt/pico-sdk/src/rp2_common/pico_printf/printf.c.obj
                0x0000000010001918                weak_raw_vprintf
 .text          0x0000000010001948       0x10 CMakeFiles/claw_servo.dir/opt/pico-sdk/src/rp2_common/pico_bit_ops/bit_ops_aeabi.S.obj
 .text.__wrap___aeabi_uidiv
                0x0000000010001958       0x4c CMakeFiles/claw_servo.dir/opt/pico-sdk/src/rp2_common/pico_divider/divider.S.obj
                0x0000000010001958                __wrap___aeabi_uidiv
                0x0000000010001958                __wrap___aeabi_uidivmod
                0x0000000010001958                div_u32u32
                0x0000000010001958                divmod_u32u32
                0x0000000010001960                divmod_u32u32_unsafe
                0x0000000010001988                divmod_u32u32_savestate
 .text.missing_double_func_shim
                0x00000000100019a4        0xc CMakeFiles/claw_servo.dir/opt/pico-sdk/src/rp2_common/pico_double/double_init_rom.c.obj
 .text.__aeabi_double_init
                0x00000000100019b0       0x98 CMakeFiles/claw_servo.dir/opt/pico-sdk/src/rp2_common/pico_double/double_init_rom.c.obj
                0x00000000100019b0                __aeabi_double_init
 .text.double_table_shim_on_use_helper
                0x0000000010001a48       0x2c CMakeFiles/claw_servo.dir/opt/pico-sdk/src/rp2_common/pico_double/double_v1_rom_shim.S.obj
                0x0000000010001a48                double_table_shim_on_use_helper
 .text.missing_float_func_shim
                0x0000000010001a74        0xc CMakeFiles/claw_servo.dir/opt/pico-sdk/src/rp2_common/pico_float/float_init_rom.c.obj
 .text.__aeabi_float_init
                0x0000000010001a80       0x5c CMakeFiles/claw_servo.dir/opt/pico-sdk/src/rp2_common/pico_float/float_init_rom.c.obj
                0x0000000010001a80                __aeabi_float_init
 .text          0x0000000010001adc       0x10 CMakeFiles/claw_servo.dir/opt/pico-sdk/src/rp2_common/pico_mem_ops/mem_ops_aeabi.S.obj
                0x0000000010001adc                __aeabi_mem_init
 .text.memset   0x0000000010001aec        0xc CMakeFiles/claw_servo.dir/opt/pico-sdk/src/rp2_common/pico_mem_ops/mem_ops_aeabi.S.obj
                0x0000000010001aec                __wrap_memset
 .text.memcpy   0x0000000010001af8        0xc CMakeFiles/claw_servo.dir/opt/pico-sdk/src/rp2_common/pico_mem_ops/mem_ops_aeabi.S.obj
                0x0000000010001af8                __wrap___aeabi_memcpy
                0x0000000010001af8                __wrap_memcpy
 .text.stdio_out_chars_no_crlf
                0x0000000010001b04       0x10 CMakeFiles/claw_servo.dir/opt/pico-sdk/src/rp2_common/pico_stdio/stdio.c.obj
 .text.stdio_out_chars_crlf
                0x0000000010001b14       0xb4 CMakeFiles/claw_servo.dir/opt/pico-sdk/src/rp2_common/pico_stdio/stdio.c.obj
 .text.stdio_put_string.isra.0
                0x0000000010001bc8       0xfc CMakeFiles/claw_servo.dir/opt/pico-sdk/src/rp2_common/pico_stdio/stdio.c.obj
 .text.__wrap_putchar
                0x0000000010001cc4       0x98 CMakeFiles/claw_servo.dir/opt/pico-sdk/src/rp2_common/pico_stdio/stdio.c.obj
                0x0000000010001cc4                __wrap_putchar
 .text.__wrap_puts
                0x0000000010001d5c       0x3c CMakeFiles/claw_servo.dir/opt/pico-sdk/src/rp2_common/pico_stdio/stdio.c.obj
                0x0000000010001d5c                __wrap_puts
 .text          0x0000000010001d98       0x5c /usr/lib/gcc/arm-none-eabi/10.3.1/../../../arm-none-eabi/lib/thumb/v6-m/nofp/libc.a(lib_a-strlen-stub.o)
                0x0000000010001d98                strlen
 *(.fini)
 .fini          0x0000000010001df4        0x4 /usr/lib/gcc/arm-none-eabi/10.3.1/thumb/v6-m/nofp/crti.o
                0x0000000010001df4                _fini
 .fini.__stub   0x0000000010001df8       0x40 linker stubs
 *crtbegin.o(.ctors)
 *crtbegin?.o(.ctors)
 *(EXCLUDE_FILE(*crtend.o *crtend?.o) .ctors)
 *(SORT_BY_NAME(.ctors.*))
 *(.ctors)
 *crtbegin.o(.dtors)
 *crtbegin?.o(.dtors)
 *(EXCLUDE_FILE(*crtend.o *crtend?.o) .dtors)
 *(SORT_BY_NAME(.dtors.*))
 *(.dtors)
 *(.eh_frame*)
 .eh_frame      0x0000000010001e38        0x0 /usr/lib/gcc/arm-none-eabi/10.3.1/thumb/v6-m/nofp/crtbegin.o
                0x0000000010001e38                . = ALIGN (0x4)

.glue_7         0x0000000010001e38        0x0
 .glue_7        0x0000000010001e38        0x0 linker stubs

.glue_7t        0x0000000010001e38        0x0
 .glue_7t       0x0000000010001e38        0x0 linker stubs

.vfp11_veneer   0x0000000010001e38        0x0
 .vfp11_veneer  0x0000000010001e38        0x0 linker stubs

.v4_bx          0x0000000010001e38        0x0
 .v4_bx         0x0000000010001e38        0x0 linker stubs

.iplt           0x0000000010001e38        0x0
 .iplt          0x0000000010001e38        0x0 /usr/lib/gcc/arm-none-eabi/10.3.1/thumb/v6-m/nofp/crtbegin.o

.rodata         0x0000000010001e38       0xc8
 *(EXCLUDE_FILE(*libm.a: *libc.a:*lib_a-mem*.o *libgcc.a:) .rodata*)
 .rodata.hardware_alarm_claim.str1.4
                0x0000000010001e38       0x22 CMakeFiles/claw_servo.dir/opt/pico-sdk/src/rp2_common/hardware_timer/timer.c.obj
 *fill*         0x0000000010001e5a        0x2 
 .rodata.panic.str1.4
                0x0000000010001e5c       0x12 CMakeFiles/claw_servo.dir/opt/pico-sdk/src/rp2_common/pico_runtime/runtime.c.obj
 *fill*         0x0000000010001e6e        0x2 
 .rodata.hard_assertion_failure.str1.4
                0x0000000010001e70        0xc CMakeFiles/claw_servo.dir/opt/pico-sdk/src/rp2_common/pico_runtime/runtime.c.obj
 .rodata.missing_double_func_shim.str1.4
                0x0000000010001e7c       0x18 CMakeFiles/claw_servo.dir/opt/pico-sdk/src/rp2_common/pico_double/double_init_rom.c.obj
 .rodata.missing_float_func_shim.str1.4
                0x0000000010001e94        0x1 CMakeFiles/claw_servo.dir/opt/pico-sdk/src/rp2_common/pico_float/float_init_rom.c.obj
 *fill*         0x0000000010001e95        0x3 
 .rodata.str1.4
                0x0000000010001e98       0x40 CMakeFiles/claw_servo.dir/opt/pico-sdk/src/rp2_common/pico_standard_link/binary_info.c.obj
 .rodata.__bi_44
                0x0000000010001ed8        0xc CMakeFiles/claw_servo.dir/opt/pico-sdk/src/rp2_common/pico_standard_link/binary_info.c.obj
 .rodata.__bi_75
                0x0000000010001ee4        0xc CMakeFiles/claw_servo.dir/opt/pico-sdk/src/rp2_common/pico_standard_link/binary_info.c.obj
 .rodata.__bi_81
                0x0000000010001ef0        0xc CMakeFiles/claw_servo.dir/opt/pico-sdk/src/rp2_common/pico_standard_link/binary_info.c.obj
 .rodata.crlf_str.0
                0x0000000010001efc        0x2 CMakeFiles/claw_servo.dir/opt/pico-sdk/src/rp2_common/pico_stdio/stdio.c.obj
                0x0000000010001f00                . = ALIGN (0x4)
 *fill*         0x0000000010001efe        0x2 
 *(SORT_BY_ALIGNMENT(SORT_BY_NAME(.flashdata*)))
                0x0000000010001f00                . = ALIGN (0x4)

.ARM.extab
 *(.ARM.extab* .gnu.linkonce.armextab.*)
                0x0000000010001f00                __exidx_start = .

.ARM.exidx
 *(.ARM.exidx* .gnu.linkonce.armexidx.*)
                0x0000000010001f00                __exidx_end = .
                0x0000000010001f00                . = ALIGN (0x4)
                0x0000000010001f00                __binary_info_start = .

.binary_info    0x0000000010001f00       0x1c
 *(.binary_info.keep.*)
 .binary_info.keep.__bi_ptr22
                0x0000000010001f00        0x4 CMakeFiles/claw_servo.dir/opt/pico-sdk/src/rp2_common/pico_standard_link/binary_info.c.obj
 .binary_info.keep.__bi_ptr30
                0x0000000010001f04        0x4 CMakeFiles/claw_servo.dir/opt/pico-sdk/src/rp2_common/pico_standard_link/binary_info.c.obj
 .binary_info.keep.__bi_ptr38
                0x0000000010001f08        0x4 CMakeFiles/claw_servo.dir/opt/pico-sdk/src/rp2_common/pico_standard_link/binary_info.c.obj
 .binary_info.keep.__bi_ptr44
                0x0000000010001f0c        0x4 CMakeFiles/claw_servo.dir/opt/pico-sdk/src/rp2_common/pico_standard_link/binary_info.c.obj
 .binary_info.keep.__bi_ptr50
                0x0000000010001f10        0x4 CMakeFiles/claw_servo.dir/opt/pico-sdk/src/rp2_common/pico_standard_link/binary_info.c.obj
 .binary_info.keep.__bi_ptr75
                0x0000000010001f14        0x4 CMakeFiles/claw_servo.dir/opt/pico-sdk/src/rp2_common/pico_standard_link/binary_info.c.obj
 .binary_info.keep.__bi_ptr81
                0x0000000010001f18        0x4 CMakeFiles/claw_servo.dir/opt/pico-sdk/src/rp2_common/pico_standard_link/binary_info.c.obj
 *(.binary_info.*)
                0x0000000010001f1c                __binary_info_end = .

.rel.dyn        0x0000000010001f1c        0x0
 .rel.iplt      0x0000000010001f1c        0x0 /usr/lib/gcc/arm-none-eabi/10.3.1/thumb/v6-m/nofp/crtbegin.o
                0x0000000010001f1c                . = ALIGN (0x4)

.ram_vector_table
                0x0000000020000000       0xc0
 *(.ram_vector_table)
 .ram_vector_table
                0x0000000020000000       0xc0 CMakeFiles/claw_servo.dir/opt/pico-sdk/src/rp2_common/pico_runtime/runtime.c.obj
                0x0000000020000000                ram_vector_table

.data           0x00000000200000c0      0x308 load address 0x0000000010001f1c
                0x00000000200000c0                __data_start__ = .
 *(vtable)
 *(.time_critical*)
 .time_critical.flash_init_boot2_copyout
                0x00000000200000c0       0x30 CMakeFiles/claw_servo.dir/opt/pico-sdk/src/rp2_common/hardware_flash/flash.c.obj
 .time_critical.flash_enable_xip_via_boot2
                0x00000000200000f0       0x10 CMakeFiles/claw_servo.dir/opt/pico-sdk/src/rp2_common/hardware_flash/flash.c.obj
 .time_critical.flash_cs_force
                0x0000000020000100       0x38 CMakeFiles/claw_servo.dir/opt/pico-sdk/src/rp2_common/hardware_flash/flash.c.obj
 .time_critical.flash_do_cmd
                0x0000000020000138       0xc4 CMakeFiles/claw_servo.dir/opt/pico-sdk/src/rp2_common/hardware_flash/flash.c.obj
                0x0000000020000138                flash_do_cmd
 .time_critical.mutex_try_enter_block_until
                0x00000000200001fc       0x9c CMakeFiles/claw_servo.dir/opt/pico-sdk/src/common/pico_sync/mutex.c.obj
                0x00000000200001fc                mutex_try_enter_block_until
 .time_critical.mutex_exit
                0x0000000020000298       0x28 CMakeFiles/claw_servo.dir/opt/pico-sdk/src/common/pico_sync/mutex.c.obj
                0x0000000020000298                mutex_exit
 *(.text*)
 .text          0x00000000200002c0        0x4 /usr/lib/gcc/arm-none-eabi/10.3.1/thumb/v6-m/nofp/libgcc.a(_dvmd_tls.o)
                0x00000000200002c0                __aeabi_ldiv0
                0x00000000200002c0                __aeabi_idiv0
 *fill*         0x00000000200002c4        0x4 
 .text.__stub   0x00000000200002c8       0x10 linker stubs
                0x00000000200002d8                . = ALIGN (0x4)
 *(.rodata*)
                0x00000000200002d8                . = ALIGN (0x4)
 *(.data*)
 .data.striped_spin_lock_num
                0x00000000200002d8        0x1 CMakeFiles/claw_servo.dir/opt/pico-sdk/src/rp2_common/hardware_sync/sync.c.obj
 *fill*         0x00000000200002d9        0x3 
 .data          0x00000000200002dc       0x78 CMakeFiles/claw_servo.dir/opt/pico-sdk/src/rp2_common/hardware_irq/irq_handler_chain.S.obj
                0x00000000200002dc                irq_handler_chain_slots
                0x000000002000033c                irq_handler_chain_first_slot
                0x0000000020000346                irq_handler_chain_remove_tail
 .data.default_alarm_pool
                0x0000000020000354       0x18 CMakeFiles/claw_servo.dir/opt/pico-sdk/src/common/pico_time/time.c.obj
 .data.default_alarm_pool_heap
                0x000000002000036c       0x10 CMakeFiles/claw_servo.dir/opt/pico-sdk/src/common/pico_time/time.c.obj
 *fill*         0x000000002000037c        0x4 
 .data.aeabi_bits_funcs
                0x0000000020000380       0x10 CMakeFiles/claw_servo.dir/opt/pico-sdk/src/rp2_common/pico_bit_ops/bit_ops_aeabi.S.obj
                0x0000000020000380                aeabi_bits_funcs
                0x0000000020000390                aeabi_bits_funcs_end
 .data.aeabi_mem_funcs
                0x0000000020000390       0x10 CMakeFiles/claw_servo.dir/opt/pico-sdk/src/rp2_common/pico_mem_ops/mem_ops_aeabi.S.obj
                0x0000000020000390                aeabi_mem_funcs
                0x00000000200003a0                aeabi_mem_funcs_end
                0x00000000200003a0                . = ALIGN (0x4)
 *(.after_data.*)
                0x00000000200003a0                . = ALIGN (0x4)
                0x00000000200003a0                PROVIDE (__mutex_array_start = .)
 *(SORT_BY_NAME(.mutex_array.*))
 *(.mutex_array)
 .mutex_array   0x00000000200003a0        0x8 CMakeFiles/claw_servo.dir/opt/pico-sdk/src/rp2_common/pico_malloc/pico_malloc.c.obj
 .mutex_array   0x00000000200003a8        0x8 CMakeFiles/claw_servo.dir/opt/pico-sdk/src/rp2_common/pico_stdio/stdio.c.obj
                0x00000000200003b0                PROVIDE (__mutex_array_end = .)
                0x00000000200003b0                . = ALIGN (0x4)
                0x00000000200003b0                PROVIDE (__preinit_array_start = .)
 *(SORT_BY_NAME(.preinit_array.*))
 .preinit_array.00001
                0x00000000200003b0        0x4 CMakeFiles/claw_servo.dir/opt/pico-sdk/src/rp2_common/pico_mem_ops/mem_ops_aeabi.S.obj
 .preinit_array.00010
                0x00000000200003b4        0x4 CMakeFiles/claw_servo.dir/opt/pico-sdk/src/rp2_common/pico_bit_ops/bit_ops_aeabi.S.obj
 .preinit_array.00020
                0x00000000200003b8        0x4 CMakeFiles/claw_servo.dir/opt/pico-sdk/src/rp2_common/pico_double/double_aeabi.S.obj
 .preinit_array.00020
                0x00000000200003bc        0x4 CMakeFiles/claw_servo.dir/opt/pico-sdk/src/rp2_common/pico_float/float_aeabi.S.obj
 *(.preinit_array)
                0x00000000200003c0                PROVIDE (__preinit_array_end = .)
                0x00000000200003c0                . = ALIGN (0x4)
                0x00000000200003c0                PROVIDE (__init_array_start = .)
 *(SORT_BY_NAME(.init_array.*))
 *(.init_array)
 .init_array    0x00000000200003c0        0x4 /usr/lib/gcc/arm-none-eabi/10.3.1/thumb/v6-m/nofp/crtbegin.o
 .init_array    0x00000000200003c4        0x4 CMakeFiles/claw_servo.dir/opt/pico-sdk/src/rp2_common/pico_unique_id/unique_id.c.obj
                0x00000000200003c8                PROVIDE (__init_array_end = .)
                0x00000000200003c8                . = ALIGN (0x4)
                0x00000000200003c8                PROVIDE (__fini_array_start = .)
 *(SORT_BY_NAME(.fini_array.*))
 *(.fini_array)
                0x00000000200003c8                PROVIDE (__fini_array_end = .)
 *(.jcr)
                0x00000000200003c8                . = ALIGN (0x4)
                0x00000000200003c8                __data_end__ = .
                0x0000000010001f1c                __etext = LOADADDR (.data)

.tm_clone_table
                0x00000000200003c8        0x0 load address 0x0000000010002224
 .tm_clone_table
                0x00000000200003c8        0x0 /usr/lib/gcc/arm-none-eabi/10.3.1/thumb/v6-m/nofp/crtbegin.o
 .tm_clone_table
                0x00000000200003c8        0x0 /usr/lib/gcc/arm-none-eabi/10.3.1/thumb/v6-m/nofp/crtend.o

.igot.plt       0x00000000200003c8        0x0 load address 0x0000000010002224
 .igot.plt      0x00000000200003c8        0x0 /usr/lib/gcc/arm-none-eabi/10.3.1/thumb/v6-m/nofp/crtbegin.o

.uninitialized_data
                0x00000000200003c8        0x0 load address 0x0000000010002224
                0x00000000200003c8                . = ALIGN (0x4)
 *(.uninitialized_data*)

.scratch_x      0x0000000020040000        0x0 load address 0x0000000010002224
                0x0000000020040000                __scratch_x_start__ = .
 *(.scratch_x.*)
                0x0000000020040000                . = ALIGN (0x4)
                0x0000000020040000                __scratch_x_end__ = .
                0x0000000010002224                __scratch_x_source__ = LOADADDR (.scratch_x)

.scratch_y      0x0000000020041000        0x0 load address 0x0000000010002224
                0x0000000020041000                __scratch_y_start__ = .
 *(.scratch_y.*)
                0x0000000020041000                . = ALIGN (0x4)
                0x0000000020041000                __scratch_y_end__ = .
                0x0000000010002224                __scratch_y_source__ = LOADADDR (.scratch_y)

.bss            0x00000000200003c8      0x4d4
                0x00000000200003c8                . = ALIGN (0x4)
                0x00000000200003c8                __bss_start__ = .
 *(SORT_BY_ALIGNMENT(SORT_BY_NAME(.bss*)))
 .bss.default_alarm_pool_entries
                0x00000000200003c8      0x100 CMakeFiles/claw_servo.dir/opt/pico-sdk/src/common/pico_time/time.c.obj
 .bss.sd_table  0x00000000200004c8      0x100 CMakeFiles/claw_servo.dir/opt/pico-sdk/src/rp2_common/pico_double/double_init_rom.c.obj
                0x00000000200004c8                sd_table
 .bss           0x00000000200005c8       0x1c /usr/lib/gcc/arm-none-eabi/10.3.1/thumb/v6-m/nofp/crtbegin.o
 .bss.alarm_callbacks
                0x00000000200005e4       0x10 CMakeFiles/claw_servo.dir/opt/pico-sdk/src/rp2_common/hardware_timer/timer.c.obj
 .bss.boot2_copyout
                0x00000000200005f4      0x100 CMakeFiles/claw_servo.dir/opt/pico-sdk/src/rp2_common/hardware_flash/flash.c.obj
 .bss.configured_freq
                0x00000000200006f4       0x28 CMakeFiles/claw_servo.dir/opt/pico-sdk/src/rp2_common/hardware_clocks/clocks.c.obj
 .bss.default_alarm_pool_entry_ids_high
                0x000000002000071c       0x10 CMakeFiles/claw_servo.dir/opt/pico-sdk/src/common/pico_time/time.c.obj
 .bss.default_alarm_pool_heap_nodes
                0x000000002000072c       0x30 CMakeFiles/claw_servo.dir/opt/pico-sdk/src/common/pico_time/time.c.obj
 .bss.drivers   0x000000002000075c        0x4 CMakeFiles/claw_servo.dir/opt/pico-sdk/src/rp2_common/pico_stdio/stdio.c.obj
 .bss.filter    0x0000000020000760        0x4 CMakeFiles/claw_servo.dir/opt/pico-sdk/src/rp2_common/pico_stdio/stdio.c.obj
 .bss.lazy_vsnprintf
                0x0000000020000764        0x4 CMakeFiles/claw_servo.dir/opt/pico-sdk/src/rp2_common/pico_printf/printf.c.obj
 .bss.pools     0x0000000020000768       0x10 CMakeFiles/claw_servo.dir/opt/pico-sdk/src/common/pico_time/time.c.obj
 .bss.retrieved_id
                0x0000000020000778        0x8 CMakeFiles/claw_servo.dir/opt/pico-sdk/src/rp2_common/pico_unique_id/unique_id.c.obj
 .bss.sf_clz_func
                0x0000000020000780        0x4 CMakeFiles/claw_servo.dir/opt/pico-sdk/src/rp2_common/pico_double/double_init_rom.c.obj
                0x0000000020000780                sf_clz_func
 .bss.sf_table  0x0000000020000784      0x100 CMakeFiles/claw_servo.dir/opt/pico-sdk/src/rp2_common/pico_float/float_init_rom.c.obj
                0x0000000020000784                sf_table
 .bss.sleep_notifier
                0x0000000020000884        0x4 CMakeFiles/claw_servo.dir/opt/pico-sdk/src/common/pico_time/time.c.obj
 .bss.target_hi
                0x0000000020000888       0x10 CMakeFiles/claw_servo.dir/opt/pico-sdk/src/rp2_common/hardware_timer/timer.c.obj
 .bss.boot2_copyout_valid
                0x0000000020000898        0x1 CMakeFiles/claw_servo.dir/opt/pico-sdk/src/rp2_common/hardware_flash/flash.c.obj
 .bss.claimed   0x0000000020000899        0x1 CMakeFiles/claw_servo.dir/opt/pico-sdk/src/rp2_common/hardware_timer/timer.c.obj
 .bss.irq_hander_chain_free_slot_head
                0x000000002000089a        0x1 CMakeFiles/claw_servo.dir/opt/pico-sdk/src/rp2_common/hardware_irq/irq.c.obj
 .bss.timer_callbacks_pending
                0x000000002000089b        0x1 CMakeFiles/claw_servo.dir/opt/pico-sdk/src/rp2_common/hardware_timer/timer.c.obj
 *(COMMON)
                0x000000002000089c                . = ALIGN (0x4)
                0x000000002000089c                __bss_end__ = .

.heap           0x000000002000089c      0x800
                0x000000002000089c                __end__ = .
                0x000000002000089c                end = __end__
 *(.heap*)
 .heap          0x000000002000089c      0x800 CMakeFiles/claw_servo.dir/opt/pico-sdk/src/rp2_common/pico_standard_link/crt0.S.obj
                0x000000002000109c                __HeapLimit = .

.stack1_dummy   0x0000000020040000      0x800
 *(.stack1*)
 .stack1        0x0000000020040000      0x800 CMakeFiles/claw_servo.dir/opt/pico-sdk/src/rp2_common/pico_multicore/multicore.c.obj

.stack_dummy    0x0000000020041000      0x800
 *(.stack*)
 .stack         0x0000000020041000      0x800 CMakeFiles/claw_servo.dir/opt/pico-sdk/src/rp2_common/pico_standard_link/crt0.S.obj

.flash_end      0x0000000010002224        0x0
                0x0000000010002224                PROVIDE (__flash_binary_end = .)
                0x0000000020040000                __StackLimit = (ORIGIN (RAM) + LENGTH (RAM))
                0x0000000020041000                __StackOneTop = (ORIGIN (SCRATCH_X) + LENGTH (SCRATCH_X))
                0x0000000020042000                __StackTop = (ORIGIN (SCRATCH_Y) + LENGTH (SCRATCH_Y))
                0x0000000020040800                __StackOneBottom = (__StackOneTop - SIZEOF (.stack1_dummy))
                0x0000000020041800                __StackBottom = (__StackTop - SIZEOF (.stack_dummy))
                0x0000000020042000                PROVIDE (__stack = __StackTop)
                0x0000000000000001                ASSERT ((__StackLimit >= __HeapLimit), region RAM overflowed)
                0x0000000000000001                ASSERT (((__binary_info_header_end - __logical_binary_start) <= 0x100), Binary info must be in first 256 bytes of the binary)
LOAD CMakeFiles/claw_servo.dir/opt/pico-sdk/src/rp2_common/pico_lwip/lwip_nosys.c.obj
LOAD CMakeFiles/claw_servo.dir/opt/pico-sdk/src/rp2_common/pico_async_context/async_context_base.c.obj
LOAD CMakeFiles/claw_servo.dir/opt/pico-sdk/src/rp2_common/pico_platform/platform.c.obj
LOAD CMakeFiles/claw_servo.dir/opt/pico-sdk/src/rp2_common/pico_rand/rand.c.obj
LOAD CMakeFiles/claw_servo.dir/opt/pico-sdk/src/rp2_common/pico_unique_id/unique_id.c.obj
LOAD CMakeFiles/claw_servo.dir/opt/pico-sdk/src/rp2_common/hardware_flash/flash.c.obj
LOAD CMakeFiles/claw_servo.dir/opt/pico-sdk/src/rp2_common/hardware_claim/claim.c.obj
LOAD CMakeFiles/claw_servo.dir/opt/pico-sdk/src/rp2_common/hardware_sync/sync.c.obj
LOAD CMakeFiles/claw_servo.dir/opt/pico-sdk/src/rp2_common/pico_bootrom/bootrom.c.obj
LOAD CMakeFiles/claw_servo.dir/opt/pico-sdk/src/rp2_common/hardware_clocks/clocks.c.obj
LOAD CMakeFiles/claw_servo.dir/opt/pico-sdk/src/rp2_common/hardware_gpio/gpio.c.obj
LOAD CMakeFiles/claw_servo.dir/opt/pico-sdk/src/rp2_common/hardware_irq/irq.c.obj
LOAD CMakeFiles/claw_servo.dir/opt/pico-sdk/src/rp2_common/hardware_irq/irq_handler_chain.S.obj
LOAD CMakeFiles/claw_servo.dir/opt/pico-sdk/src/common/pico_sync/sem.c.obj
LOAD CMakeFiles/claw_servo.dir/opt/pico-sdk/src/common/pico_sync/lock_core.c.obj
LOAD CMakeFiles/claw_servo.dir/opt/pico-sdk/src/common/pico_sync/mutex.c.obj
LOAD CMakeFiles/claw_servo.dir/opt/pico-sdk/src/common/pico_sync/critical_section.c.obj
LOAD CMakeFiles/claw_servo.dir/opt/pico-sdk/src/common/pico_time/time.c.obj
LOAD CMakeFiles/claw_servo.dir/opt/pico-sdk/src/common/pico_time/timeout_helper.c.obj
LOAD CMakeFiles/claw_servo.dir/opt/pico-sdk/src/rp2_common/hardware_timer/timer.c.obj
LOAD CMakeFiles/claw_servo.dir/opt/pico-sdk/src/common/pico_util/datetime.c.obj
LOAD CMakeFiles/claw_servo.dir/opt/pico-sdk/src/common/pico_util/pheap.c.obj
LOAD CMakeFiles/claw_servo.dir/opt/pico-sdk/src/common/pico_util/queue.c.obj
LOAD CMakeFiles/claw_servo.dir/opt/pico-sdk/src/rp2_common/hardware_pll/pll.c.obj
LOAD CMakeFiles/claw_servo.dir/opt/pico-sdk/src/rp2_common/hardware_vreg/vreg.c.obj
LOAD CMakeFiles/claw_servo.dir/opt/pico-sdk/src/rp2_common/hardware_watchdog/watchdog.c.obj
LOAD CMakeFiles/claw_servo.dir/opt/pico-sdk/src/rp2_common/hardware_xosc/xosc.c.obj
LOAD CMakeFiles/claw_servo.dir/opt/pico-sdk/lib/lwip/src/core/init.c.obj
LOAD CMakeFiles/claw_servo.dir/opt/pico-sdk/lib/lwip/src/core/def.c.obj
LOAD CMakeFiles/claw_servo.dir/opt/pico-sdk/lib/lwip/src/core/dns.c.obj
LOAD CMakeFiles/claw_servo.dir/opt/pico-sdk/lib/lwip/src/core/inet_chksum.c.obj
LOAD CMakeFiles/claw_servo.dir/opt/pico-sdk/lib/lwip/src/core/ip.c.obj
LOAD CMakeFiles/claw_servo.dir/opt/pico-sdk/lib/lwip/src/core/mem.c.obj
LOAD CMakeFiles/claw_servo.dir/opt/pico-sdk/lib/lwip/src/core/memp.c.obj
LOAD CMakeFiles/claw_servo.dir/opt/pico-sdk/lib/lwip/src/core/netif.c.obj
LOAD CMakeFiles/claw_servo.dir/opt/pico-sdk/lib/lwip/src/core/pbuf.c.obj
LOAD CMakeFiles/claw_servo.dir/opt/pico-sdk/lib/lwip/src/core/raw.c.obj
LOAD CMakeFiles/claw_servo.dir/opt/pico-sdk/lib/lwip/src/core/stats.c.obj
LOAD CMakeFiles/claw_servo.dir/opt/pico-sdk/lib/lwip/src/core/sys.c.obj
LOAD CMakeFiles/claw_servo.dir/opt/pico-sdk/lib/lwip/src/core/altcp.c.obj
LOAD CMakeFiles/claw_servo.dir/opt/pico-sdk/lib/lwip/src/core/altcp_alloc.c.obj
LOAD CMakeFiles/claw_servo.dir/opt/pico-sdk/lib/lwip/src/core/altcp_tcp.c.obj
LOAD CMakeFiles/claw_servo.dir/opt/pico-sdk/lib/lwip/src/core/tcp.c.obj
LOAD CMakeFiles/claw_servo.dir/opt/pico-sdk/lib/lwip/src/core/tcp_in.c.obj
LOAD CMakeFiles/claw_servo.dir/opt/pico-sdk/lib/lwip/src/core/tcp_out.c.obj
LOAD CMakeFiles/claw_servo.dir/opt/pico-sdk/lib/lwip/src/core/timeouts.c.obj
LOAD CMakeFiles/claw_servo.dir/opt/pico-sdk/lib/lwip/src/core/udp.c.obj
LOAD CMakeFiles/claw_servo.dir/opt/pico-sdk/lib/lwip/src/core/ipv4/autoip.c.obj
LOAD CMakeFiles/claw_servo.dir/opt/pico-sdk/lib/lwip/src/core/ipv4/dhcp.c.obj
LOAD CMakeFiles/claw_servo.dir/opt/pico-sdk/lib/lwip/src/core/ipv4/etharp.c.obj
LOAD CMakeFiles/claw_servo.dir/opt/pico-sdk/lib/lwip/src/core/ipv4/icmp.c.obj
LOAD CMakeFiles/claw_servo.dir/opt/pico-sdk/lib/lwip/src/core/ipv4/igmp.c.obj
LOAD CMakeFiles/claw_servo.dir/opt/pico-sdk/lib/lwip/src/core/ipv4/ip4_frag.c.obj
LOAD CMakeFiles/claw_servo.dir/opt/pico-sdk/lib/lwip/src/core/ipv4/ip4.c.obj
LOAD CMakeFiles/claw_servo.dir/opt/pico-sdk/lib/lwip/src/core/ipv4/ip4_addr.c.obj
LOAD CMakeFiles/claw_servo.dir/opt/pico-sdk/lib/lwip/src/core/ipv4/acd.c.obj
LOAD CMakeFiles/claw_servo.dir/opt/pico-sdk/lib/lwip/src/core/ipv6/dhcp6.c.obj
LOAD CMakeFiles/claw_servo.dir/opt/pico-sdk/lib/lwip/src/core/ipv6/ethip6.c.obj
LOAD CMakeFiles/claw_servo.dir/opt/pico-sdk/lib/lwip/src/core/ipv6/icmp6.c.obj
LOAD CMakeFiles/claw_servo.dir/opt/pico-sdk/lib/lwip/src/core/ipv6/inet6.c.obj
LOAD CMakeFiles/claw_servo.dir/opt/pico-sdk/lib/lwip/src/core/ipv6/ip6.c.obj
LOAD CMakeFiles/claw_servo.dir/opt/pico-sdk/lib/lwip/src/core/ipv6/ip6_addr.c.obj
LOAD CMakeFiles/claw_servo.dir/opt/pico-sdk/lib/lwip/src/core/ipv6/ip6_frag.c.obj
LOAD CMakeFiles/claw_servo.dir/opt/pico-sdk/lib/lwip/src/core/ipv6/mld6.c.obj
LOAD CMakeFiles/claw_servo.dir/opt/pico-sdk/lib/lwip/src/core/ipv6/nd6.c.obj
LOAD CMakeFiles/claw_servo.dir/opt/pico-sdk/lib/lwip/src/api/api_lib.c.obj
LOAD CMakeFiles/claw_servo.dir/opt/pico-sdk/lib/lwip/src/api/api_msg.c.obj
LOAD CMakeFiles/claw_servo.dir/opt/pico-sdk/lib/lwip/src/api/err.c.obj
LOAD CMakeFiles/claw_servo.dir/opt/pico-sdk/lib/lwip/src/api/if_api.c.obj
LOAD CMakeFiles/claw_servo.dir/opt/pico-sdk/lib/lwip/src/api/netbuf.c.obj
LOAD CMakeFiles/claw_servo.dir/opt/pico-sdk/lib/lwip/src/api/netdb.c.obj
LOAD CMakeFiles/claw_servo.dir/opt/pico-sdk/lib/lwip/src/api/netifapi.c.obj
LOAD CMakeFiles/claw_servo.dir/opt/pico-sdk/lib/lwip/src/api/sockets.c.obj
LOAD CMakeFiles/claw_servo.dir/opt/pico-sdk/lib/lwip/src/api/tcpip.c.obj
LOAD CMakeFiles/claw_servo.dir/opt/pico-sdk/lib/lwip/src/netif/ethernet.c.obj
LOAD CMakeFiles/claw_servo.dir/opt/pico-sdk/lib/lwip/src/netif/bridgeif.c.obj
LOAD CMakeFiles/claw_servo.dir/opt/pico-sdk/lib/lwip/src/netif/bridgeif_fdb.c.obj
LOAD CMakeFiles/claw_servo.dir/opt/pico-sdk/lib/lwip/src/netif/slipif.c.obj
LOAD CMakeFiles/claw_servo.dir/opt/pico-sdk/lib/lwip/src/netif/lowpan6_common.c.obj
LOAD CMakeFiles/claw_servo.dir/opt/pico-sdk/lib/lwip/src/netif/lowpan6.c.obj
LOAD CMakeFiles/claw_servo.dir/opt/pico-sdk/lib/lwip/src/netif/lowpan6_ble.c.obj
LOAD CMakeFiles/claw_servo.dir/opt/pico-sdk/lib/lwip/src/netif/zepif.c.obj
LOAD CMakeFiles/claw_servo.dir/opt/pico-sdk/lib/lwip/src/netif/ppp/auth.c.obj
LOAD CMakeFiles/claw_servo.dir/opt/pico-sdk/lib/lwip/src/netif/ppp/ccp.c.obj
LOAD CMakeFiles/claw_servo.dir/opt/pico-sdk/lib/lwip/src/netif/ppp/chap-md5.c.obj
LOAD CMakeFiles/claw_servo.dir/opt/pico-sdk/lib/lwip/src/netif/ppp/chap_ms.c.obj
LOAD CMakeFiles/claw_servo.dir/opt/pico-sdk/lib/lwip/src/netif/ppp/chap-new.c.obj
LOAD CMakeFiles/claw_servo.dir/opt/pico-sdk/lib/lwip/src/netif/ppp/demand.c.obj
LOAD CMakeFiles/claw_servo.dir/opt/pico-sdk/lib/lwip/src/netif/ppp/eap.c.obj
LOAD CMakeFiles/claw_servo.dir/opt/pico-sdk/lib/lwip/src/netif/ppp/ecp.c.obj
LOAD CMakeFiles/claw_servo.dir/opt/pico-sdk/lib/lwip/src/netif/ppp/eui64.c.obj
LOAD CMakeFiles/claw_servo.dir/opt/pico-sdk/lib/lwip/src/netif/ppp/fsm.c.obj
LOAD CMakeFiles/claw_servo.dir/opt/pico-sdk/lib/lwip/src/netif/ppp/ipcp.c.obj
LOAD CMakeFiles/claw_servo.dir/opt/pico-sdk/lib/lwip/src/netif/ppp/ipv6cp.c.obj
LOAD CMakeFiles/claw_servo.dir/opt/pico-sdk/lib/lwip/src/netif/ppp/lcp.c.obj
LOAD CMakeFiles/claw_servo.dir/opt/pico-sdk/lib/lwip/src/netif/ppp/magic.c.obj
LOAD CMakeFiles/claw_servo.dir/opt/pico-sdk/lib/lwip/src/netif/ppp/mppe.c.obj
LOAD CMakeFiles/claw_servo.dir/opt/pico-sdk/lib/lwip/src/netif/ppp/multilink.c.obj
LOAD CMakeFiles/claw_servo.dir/opt/pico-sdk/lib/lwip/src/netif/ppp/ppp.c.obj
LOAD CMakeFiles/claw_servo.dir/opt/pico-sdk/lib/lwip/src/netif/ppp/pppapi.c.obj
LOAD CMakeFiles/claw_servo.dir/opt/pico-sdk/lib/lwip/src/netif/ppp/pppcrypt.c.obj
LOAD CMakeFiles/claw_servo.dir/opt/pico-sdk/lib/lwip/src/netif/ppp/pppoe.c.obj
LOAD CMakeFiles/claw_servo.dir/opt/pico-sdk/lib/lwip/src/netif/ppp/pppol2tp.c.obj
LOAD CMakeFiles/claw_servo.dir/opt/pico-sdk/lib/lwip/src/netif/ppp/pppos.c.obj
LOAD CMakeFiles/claw_servo.dir/opt/pico-sdk/lib/lwip/src/netif/ppp/upap.c.obj
LOAD CMakeFiles/claw_servo.dir/opt/pico-sdk/lib/lwip/src/netif/ppp/utils.c.obj
LOAD CMakeFiles/claw_servo.dir/opt/pico-sdk/lib/lwip/src/netif/ppp/vj.c.obj
LOAD CMakeFiles/claw_servo.dir/opt/pico-sdk/lib/lwip/src/netif/ppp/polarssl/arc4.c.obj
LOAD CMakeFiles/claw_servo.dir/opt/pico-sdk/lib/lwip/src/netif/ppp/polarssl/des.c.obj
LOAD CMakeFiles/claw_servo.dir/opt/pico-sdk/lib/lwip/src/netif/ppp/polarssl/md4.c.obj
LOAD CMakeFiles/claw_servo.dir/opt/pico-sdk/lib/lwip/src/netif/ppp/polarssl/md5.c.obj
LOAD CMakeFiles/claw_servo.dir/opt/pico-sdk/lib/lwip/src/netif/ppp/polarssl/sha1.c.obj
LOAD CMakeFiles/claw_servo.dir/opt/pico-sdk/src/rp2_common/pico_cyw43_arch/cyw43_arch.c.obj
LOAD CMakeFiles/claw_servo.dir/opt/pico-sdk/src/rp2_common/pico_cyw43_arch/cyw43_arch_poll.c.obj
LOAD CMakeFiles/claw_servo.dir/opt/pico-sdk/src/rp2_common/pico_cyw43_arch/cyw43_arch_threadsafe_background.c.obj
LOAD CMakeFiles/claw_servo.dir/opt/pico-sdk/src/rp2_common/pico_cyw43_arch/cyw43_arch_freertos.c.obj
LOAD CMakeFiles/claw_servo.dir/opt/pico-sdk/src/rp2_common/pico_cyw43_driver/cyw43_bus_pio_spi.c.obj
LOAD CMakeFiles/claw_servo.dir/opt/pico-sdk/lib/cyw43-driver/src/cyw43_ll.c.obj
LOAD CMakeFiles/claw_servo.dir/opt/pico-sdk/lib/cyw43-driver/src/cyw43_stats.c.obj
LOAD CMakeFiles/claw_servo.dir/opt/pico-sdk/lib/cyw43-driver/src/cyw43_lwip.c.obj
LOAD CMakeFiles/claw_servo.dir/opt/pico-sdk/lib/cyw43-driver/src/cyw43_ctrl.c.obj
LOAD CMakeFiles/claw_servo.dir/opt/pico-sdk/src/rp2_common/pico_cyw43_driver/cybt_shared_bus/cybt_shared_bus.c.obj
LOAD CMakeFiles/claw_servo.dir/opt/pico-sdk/src/rp2_common/pico_cyw43_driver/cybt_shared_bus/cybt_shared_bus_driver.c.obj
LOAD CMakeFiles/claw_servo.dir/opt/pico-sdk/src/rp2_common/hardware_pio/pio.c.obj
LOAD CMakeFiles/claw_servo.dir/opt/pico-sdk/src/rp2_common/hardware_dma/dma.c.obj
LOAD CMakeFiles/claw_servo.dir/opt/pico-sdk/src/rp2_common/hardware_exception/exception.c.obj
LOAD CMakeFiles/claw_servo.dir/opt/pico-sdk/src/rp2_common/pico_cyw43_driver/cyw43_driver.c.obj
LOAD CMakeFiles/claw_servo.dir/opt/pico-sdk/src/rp2_common/pico_async_context/async_context_threadsafe_background.c.obj
LOAD CMakeFiles/claw_servo.dir/opt/pico-sdk/src/rp2_common/pico_stdlib/stdlib.c.obj
LOAD CMakeFiles/claw_servo.dir/opt/pico-sdk/src/rp2_common/hardware_uart/uart.c.obj
LOAD CMakeFiles/claw_servo.dir/opt/pico-sdk/src/rp2_common/hardware_divider/divider.S.obj
LOAD CMakeFiles/claw_servo.dir/opt/pico-sdk/src/rp2_common/pico_runtime/runtime.c.obj
LOAD CMakeFiles/claw_servo.dir/opt/pico-sdk/src/rp2_common/pico_printf/printf.c.obj
LOAD CMakeFiles/claw_servo.dir/opt/pico-sdk/src/rp2_common/pico_bit_ops/bit_ops_aeabi.S.obj
LOAD CMakeFiles/claw_servo.dir/opt/pico-sdk/src/rp2_common/pico_divider/divider.S.obj
LOAD CMakeFiles/claw_servo.dir/opt/pico-sdk/src/rp2_common/pico_double/double_aeabi.S.obj
LOAD CMakeFiles/claw_servo.dir/opt/pico-sdk/src/rp2_common/pico_double/double_init_rom.c.obj
LOAD CMakeFiles/claw_servo.dir/opt/pico-sdk/src/rp2_common/pico_double/double_math.c.obj
LOAD CMakeFiles/claw_servo.dir/opt/pico-sdk/src/rp2_common/pico_double/double_v1_rom_shim.S.obj
LOAD CMakeFiles/claw_servo.dir/opt/pico-sdk/src/rp2_common/pico_int64_ops/pico_int64_ops_aeabi.S.obj
LOAD CMakeFiles/claw_servo.dir/opt/pico-sdk/src/rp2_common/pico_float/float_aeabi.S.obj
LOAD CMakeFiles/claw_servo.dir/opt/pico-sdk/src/rp2_common/pico_float/float_init_rom.c.obj
LOAD CMakeFiles/claw_servo.dir/opt/pico-sdk/src/rp2_common/pico_float/float_math.c.obj
LOAD CMakeFiles/claw_servo.dir/opt/pico-sdk/src/rp2_common/pico_float/float_v1_rom_shim.S.obj
LOAD CMakeFiles/claw_servo.dir/opt/pico-sdk/src/rp2_common/pico_malloc/pico_malloc.c.obj
LOAD CMakeFiles/claw_servo.dir/opt/pico-sdk/src/rp2_common/pico_mem_ops/mem_ops_aeabi.S.obj
LOAD CMakeFiles/claw_servo.dir/opt/pico-sdk/src/rp2_common/pico_standard_link/crt0.S.obj
LOAD CMakeFiles/claw_servo.dir/opt/pico-sdk/src/rp2_common/pico_standard_link/new_delete.cpp.obj
LOAD CMakeFiles/claw_servo.dir/opt/pico-sdk/src/rp2_common/pico_standard_link/binary_info.c.obj
LOAD CMakeFiles/claw_servo.dir/opt/pico-sdk/src/rp2_common/pico_stdio/stdio.c.obj
LOAD CMakeFiles/claw_servo.dir/opt/pico-sdk/src/rp2_common/pico_stdio_usb/reset_interface.c.obj
LOAD CMakeFiles/claw_servo.dir/opt/pico-sdk/src/rp2_common/pico_stdio_usb/stdio_usb.c.obj
LOAD CMakeFiles/claw_servo.dir/opt/pico-sdk/src/rp2_common/pico_stdio_usb/stdio_usb_descriptors.c.obj
LOAD CMakeFiles/claw_servo.dir/opt/pico-sdk/lib/tinyusb/src/portable/raspberrypi/rp2040/dcd_rp2040.c.obj
LOAD CMakeFiles/claw_servo.dir/opt/pico-sdk/lib/tinyusb/src/portable/raspberrypi/rp2040/rp2040_usb.c.obj
LOAD CMakeFiles/claw_servo.dir/opt/pico-sdk/lib/tinyusb/src/device/usbd.c.obj
LOAD CMakeFiles/claw_servo.dir/opt/pico-sdk/lib/tinyusb/src/device/usbd_control.c.obj
LOAD CMakeFiles/claw_servo.dir/opt/pico-sdk/lib/tinyusb/src/class/audio/audio_device.c.obj
LOAD CMakeFiles/claw_servo.dir/opt/pico-sdk/lib/tinyusb/src/class/cdc/cdc_device.c.obj
LOAD CMakeFiles/claw_servo.dir/opt/pico-sdk/lib/tinyusb/src/class/dfu/dfu_device.c.obj
LOAD CMakeFiles/claw_servo.dir/opt/pico-sdk/lib/tinyusb/src/class/dfu/dfu_rt_device.c.obj
LOAD CMakeFiles/claw_servo.dir/opt/pico-sdk/lib/tinyusb/src/class/hid/hid_device.c.obj
LOAD CMakeFiles/claw_servo.dir/opt/pico-sdk/lib/tinyusb/src/class/midi/midi_device.c.obj
LOAD CMakeFiles/claw_servo.dir/opt/pico-sdk/lib/tinyusb/src/class/msc/msc_device.c.obj
LOAD CMakeFiles/claw_servo.dir/opt/pico-sdk/lib/tinyusb/src/class/net/ecm_rndis_device.c.obj
LOAD CMakeFiles/claw_servo.dir/opt/pico-sdk/lib/tinyusb/src/class/net/ncm_device.c.obj
LOAD CMakeFiles/claw_servo.dir/opt/pico-sdk/lib/tinyusb/src/class/usbtmc/usbtmc_device.c.obj
LOAD CMakeFiles/claw_servo.dir/opt/pico-sdk/lib/tinyusb/src/class/vendor/vendor_device.c.obj
LOAD CMakeFiles/claw_servo.dir/opt/pico-sdk/lib/tinyusb/src/class/video/video_device.c.obj
LOAD CMakeFiles/claw_servo.dir/opt/pico-sdk/lib/tinyusb/src/tusb.c.obj
LOAD CMakeFiles/claw_servo.dir/opt/pico-sdk/lib/tinyusb/src/common/tusb_fifo.c.obj
LOAD CMakeFiles/claw_servo.dir/opt/pico-sdk/src/rp2_common/pico_fix/rp2040_usb_device_enumeration/rp2040_usb_device_enumeration.c.obj
LOAD CMakeFiles/claw_servo.dir/opt/pico-sdk/src/rp2_common/hardware_adc/adc.c.obj
LOAD CMakeFiles/claw_servo.dir/opt/pico-sdk/src/rp2_common/pico_multicore/multicore.c.obj
LOAD CMakeFiles/claw_servo.dir/opt/pico-sdk/src/rp2_common/hardware_i2c/i2c.c.obj
LOAD lib/serial-packets/libserial-packets.a
LOAD sensors/libsensors.a
LOAD util/libutil.a
LOAD lib/external/libcpp-base64.a
LOAD lib/external/libhash-library-sha1.a
LOAD /tmp/cc9dgtxE.o
LOAD /usr/lib/gcc/arm-none-eabi/10.3.1/../../../arm-none-eabi/lib/thumb/v6-m/nofp/libstdc++.a
LOAD /usr/lib/gcc/arm-none-eabi/10.3.1/../../../arm-none-eabi/lib/thumb/v6-m/nofp/libm.a
START GROUP
LOAD /usr/lib/gcc/arm-none-eabi/10.3.1/thumb/v6-m/nofp/libgcc.a
LOAD /usr/lib/gcc/arm-none-eabi/10.3.1/../../../arm-none-eabi/lib/thumb/v6-m/nofp/libc.a
END GROUP
START GROUP
LOAD /usr/lib/gcc/arm-none-eabi/10.3.1/thumb/v6-m/nofp/libgcc.a
LOAD /usr/lib/gcc/arm-none-eabi/10.3.1/../../../arm-none-eabi/lib/thumb/v6-m/nofp/libc.a
LOAD /usr/lib/gcc/arm-none-eabi/10.3.1/../../../arm-none-eabi/lib/thumb/v6-m/nofp/libnosys.a
END GROUP
LOAD /usr/lib/gcc/arm-none-eabi/10.3.1/thumb/v6-m/nofp/crtend.o
LOAD /usr/lib/gcc/arm-none-eabi/10.3.1/thumb/v6-m/nofp/crtn.o
OUTPUT(claw_servo.elf elf32-littlearm)
LOAD linker stubs

.ARM.attributes
                0x0000000000000000       0x28
 .ARM.attributes
                0x0000000000000000       0x1e /usr/lib/gcc/arm-none-eabi/10.3.1/thumb/v6-m/nofp/crti.o
 .ARM.attributes
                0x000000000000001e       0x2c /usr/lib/gcc/arm-none-eabi/10.3.1/thumb/v6-m/nofp/crtbegin.o
 .ARM.attributes
                0x000000000000004a       0x2c CMakeFiles/claw_servo.dir/opt/pico-sdk/src/rp2_common/pico_platform/platform.c.obj
 .ARM.attributes
                0x0000000000000076       0x2c CMakeFiles/claw_servo.dir/opt/pico-sdk/src/rp2_common/pico_unique_id/unique_id.c.obj
 .ARM.attributes
                0x00000000000000a2       0x2c CMakeFiles/claw_servo.dir/opt/pico-sdk/src/rp2_common/hardware_flash/flash.c.obj
 .ARM.attributes
                0x00000000000000ce       0x2c CMakeFiles/claw_servo.dir/opt/pico-sdk/src/rp2_common/hardware_claim/claim.c.obj
 .ARM.attributes
                0x00000000000000fa       0x2c CMakeFiles/claw_servo.dir/opt/pico-sdk/src/rp2_common/hardware_sync/sync.c.obj
 .ARM.attributes
                0x0000000000000126       0x2c CMakeFiles/claw_servo.dir/opt/pico-sdk/src/rp2_common/pico_bootrom/bootrom.c.obj
 .ARM.attributes
                0x0000000000000152       0x2c CMakeFiles/claw_servo.dir/opt/pico-sdk/src/rp2_common/hardware_clocks/clocks.c.obj
 .ARM.attributes
                0x000000000000017e       0x2c CMakeFiles/claw_servo.dir/opt/pico-sdk/src/rp2_common/hardware_irq/irq.c.obj
 .ARM.attributes
                0x00000000000001aa       0x22 CMakeFiles/claw_servo.dir/opt/pico-sdk/src/rp2_common/hardware_irq/irq_handler_chain.S.obj
 .ARM.attributes
                0x00000000000001cc       0x2c CMakeFiles/claw_servo.dir/opt/pico-sdk/src/common/pico_sync/lock_core.c.obj
 .ARM.attributes
                0x00000000000001f8       0x2c CMakeFiles/claw_servo.dir/opt/pico-sdk/src/common/pico_sync/mutex.c.obj
 .ARM.attributes
                0x0000000000000224       0x2c CMakeFiles/claw_servo.dir/opt/pico-sdk/src/common/pico_time/time.c.obj
 .ARM.attributes
                0x0000000000000250       0x2c CMakeFiles/claw_servo.dir/opt/pico-sdk/src/rp2_common/hardware_timer/timer.c.obj
 .ARM.attributes
                0x000000000000027c       0x2c CMakeFiles/claw_servo.dir/opt/pico-sdk/src/common/pico_util/pheap.c.obj
 .ARM.attributes
                0x00000000000002a8       0x2c CMakeFiles/claw_servo.dir/opt/pico-sdk/src/rp2_common/hardware_pll/pll.c.obj
 .ARM.attributes
                0x00000000000002d4       0x2c CMakeFiles/claw_servo.dir/opt/pico-sdk/src/rp2_common/hardware_watchdog/watchdog.c.obj
 .ARM.attributes
                0x0000000000000300       0x2c CMakeFiles/claw_servo.dir/opt/pico-sdk/src/rp2_common/hardware_xosc/xosc.c.obj
 .ARM.attributes
                0x000000000000032c       0x2c CMakeFiles/claw_servo.dir/opt/pico-sdk/src/rp2_common/pico_runtime/runtime.c.obj
 .ARM.attributes
                0x0000000000000358       0x2c CMakeFiles/claw_servo.dir/opt/pico-sdk/src/rp2_common/pico_printf/printf.c.obj
 .ARM.attributes
                0x0000000000000384       0x22 CMakeFiles/claw_servo.dir/opt/pico-sdk/src/rp2_common/pico_bit_ops/bit_ops_aeabi.S.obj
 .ARM.attributes
                0x00000000000003a6       0x22 CMakeFiles/claw_servo.dir/opt/pico-sdk/src/rp2_common/pico_divider/divider.S.obj
 .ARM.attributes
                0x00000000000003c8       0x22 CMakeFiles/claw_servo.dir/opt/pico-sdk/src/rp2_common/pico_double/double_aeabi.S.obj
 .ARM.attributes
                0x00000000000003ea       0x2c CMakeFiles/claw_servo.dir/opt/pico-sdk/src/rp2_common/pico_double/double_init_rom.c.obj
 .ARM.attributes
                0x0000000000000416       0x22 CMakeFiles/claw_servo.dir/opt/pico-sdk/src/rp2_common/pico_double/double_v1_rom_shim.S.obj
 .ARM.attributes
                0x0000000000000438       0x22 CMakeFiles/claw_servo.dir/opt/pico-sdk/src/rp2_common/pico_float/float_aeabi.S.obj
 .ARM.attributes
                0x000000000000045a       0x2c CMakeFiles/claw_servo.dir/opt/pico-sdk/src/rp2_common/pico_float/float_init_rom.c.obj
 .ARM.attributes
                0x0000000000000486       0x2c CMakeFiles/claw_servo.dir/opt/pico-sdk/src/rp2_common/pico_malloc/pico_malloc.c.obj
 .ARM.attributes
                0x00000000000004b2       0x22 CMakeFiles/claw_servo.dir/opt/pico-sdk/src/rp2_common/pico_mem_ops/mem_ops_aeabi.S.obj
 .ARM.attributes
                0x00000000000004d4       0x22 CMakeFiles/claw_servo.dir/opt/pico-sdk/src/rp2_common/pico_standard_link/crt0.S.obj
 .ARM.attributes
                0x00000000000004f6       0x32 CMakeFiles/claw_servo.dir/opt/pico-sdk/src/rp2_common/pico_standard_link/binary_info.c.obj
 .ARM.attributes
                0x0000000000000528       0x2c CMakeFiles/claw_servo.dir/opt/pico-sdk/src/rp2_common/pico_stdio/stdio.c.obj
 .ARM.attributes
                0x0000000000000554       0x2c CMakeFiles/claw_servo.dir/opt/pico-sdk/src/rp2_common/pico_multicore/multicore.c.obj
 .ARM.attributes
                0x0000000000000580       0x22 /tmp/cc9dgtxE.o
 .ARM.attributes
                0x00000000000005a2       0x1e /usr/lib/gcc/arm-none-eabi/10.3.1/thumb/v6-m/nofp/libgcc.a(_dvmd_tls.o)
 .ARM.attributes
                0x00000000000005c0       0x2c /usr/lib/gcc/arm-none-eabi/10.3.1/../../../arm-none-eabi/lib/thumb/v6-m/nofp/libc.a(lib_a-strlen-stub.o)
 .ARM.attributes
                0x00000000000005ec       0x2c /usr/lib/gcc/arm-none-eabi/10.3.1/thumb/v6-m/nofp/crtend.o

.comment        0x0000000000000000       0x33
 .comment       0x0000000000000000       0x33 /usr/lib/gcc/arm-none-eabi/10.3.1/thumb/v6-m/nofp/crtbegin.o
                                         0x34 (size before relaxing)
 .comment       0x0000000000000033       0x34 CMakeFiles/claw_servo.dir/opt/pico-sdk/src/rp2_common/pico_platform/platform.c.obj
 .comment       0x0000000000000033       0x34 CMakeFiles/claw_servo.dir/opt/pico-sdk/src/rp2_common/pico_unique_id/unique_id.c.obj
 .comment       0x0000000000000033       0x34 CMakeFiles/claw_servo.dir/opt/pico-sdk/src/rp2_common/hardware_flash/flash.c.obj
 .comment       0x0000000000000033       0x34 CMakeFiles/claw_servo.dir/opt/pico-sdk/src/rp2_common/hardware_claim/claim.c.obj
 .comment       0x0000000000000033       0x34 CMakeFiles/claw_servo.dir/opt/pico-sdk/src/rp2_common/hardware_sync/sync.c.obj
 .comment       0x0000000000000033       0x34 CMakeFiles/claw_servo.dir/opt/pico-sdk/src/rp2_common/pico_bootrom/bootrom.c.obj
 .comment       0x0000000000000033       0x34 CMakeFiles/claw_servo.dir/opt/pico-sdk/src/rp2_common/hardware_clocks/clocks.c.obj
 .comment       0x0000000000000033       0x34 CMakeFiles/claw_servo.dir/opt/pico-sdk/src/rp2_common/hardware_irq/irq.c.obj
 .comment       0x0000000000000033       0x34 CMakeFiles/claw_servo.dir/opt/pico-sdk/src/common/pico_sync/lock_core.c.obj
 .comment       0x0000000000000033       0x34 CMakeFiles/claw_servo.dir/opt/pico-sdk/src/common/pico_sync/mutex.c.obj
 .comment       0x0000000000000033       0x34 CMakeFiles/claw_servo.dir/opt/pico-sdk/src/common/pico_time/time.c.obj
 .comment       0x0000000000000033       0x34 CMakeFiles/claw_servo.dir/opt/pico-sdk/src/rp2_common/hardware_timer/timer.c.obj
 .comment       0x0000000000000033       0x34 CMakeFiles/claw_servo.dir/opt/pico-sdk/src/common/pico_util/pheap.c.obj
 .comment       0x0000000000000033       0x34 CMakeFiles/claw_servo.dir/opt/pico-sdk/src/rp2_common/hardware_pll/pll.c.obj
 .comment       0x0000000000000033       0x34 CMakeFiles/claw_servo.dir/opt/pico-sdk/src/rp2_common/hardware_watchdog/watchdog.c.obj
 .comment       0x0000000000000033       0x34 CMakeFiles/claw_servo.dir/opt/pico-sdk/src/rp2_common/hardware_xosc/xosc.c.obj
 .comment       0x0000000000000033       0x34 CMakeFiles/claw_servo.dir/opt/pico-sdk/src/rp2_common/pico_runtime/runtime.c.obj
 .comment       0x0000000000000033       0x34 CMakeFiles/claw_servo.dir/opt/pico-sdk/src/rp2_common/pico_printf/printf.c.obj
 .comment       0x0000000000000033       0x34 CMakeFiles/claw_servo.dir/opt/pico-sdk/src/rp2_common/pico_double/double_init_rom.c.obj
 .comment       0x0000000000000033       0x34 CMakeFiles/claw_servo.dir/opt/pico-sdk/src/rp2_common/pico_float/float_init_rom.c.obj
 .comment       0x0000000000000033       0x34 CMakeFiles/claw_servo.dir/opt/pico-sdk/src/rp2_common/pico_malloc/pico_malloc.c.obj
 .comment       0x0000000000000033       0x34 CMakeFiles/claw_servo.dir/opt/pico-sdk/src/rp2_common/pico_standard_link/binary_info.c.obj
 .comment       0x0000000000000033       0x34 CMakeFiles/claw_servo.dir/opt/pico-sdk/src/rp2_common/pico_stdio/stdio.c.obj
 .comment       0x0000000000000033       0x34 CMakeFiles/claw_servo.dir/opt/pico-sdk/src/rp2_common/pico_multicore/multicore.c.obj
 .comment       0x0000000000000033       0x34 /usr/lib/gcc/arm-none-eabi/10.3.1/../../../arm-none-eabi/lib/thumb/v6-m/nofp/libc.a(lib_a-strlen-stub.o)
 .comment       0x0000000000000033       0x34 /usr/lib/gcc/arm-none-eabi/10.3.1/thumb/v6-m/nofp/crtend.o

.debug_line     0x0000000000000000      0x1d2
 .debug_line    0x0000000000000000       0x60 /usr/lib/gcc/arm-none-eabi/10.3.1/thumb/v6-m/nofp/libgcc.a(_dvmd_tls.o)
 .debug_line    0x0000000000000060      0x172 /usr/lib/gcc/arm-none-eabi/10.3.1/../../../arm-none-eabi/lib/thumb/v6-m/nofp/libc.a(lib_a-strlen-stub.o)

.debug_info     0x0000000000000000      0x114
 .debug_info    0x0000000000000000       0x26 /usr/lib/gcc/arm-none-eabi/10.3.1/thumb/v6-m/nofp/libgcc.a(_dvmd_tls.o)
 .debug_info    0x0000000000000026       0xee /usr/lib/gcc/arm-none-eabi/10.3.1/../../../arm-none-eabi/lib/thumb/v6-m/nofp/libc.a(lib_a-strlen-stub.o)

.debug_abbrev   0x0000000000000000       0xa3
 .debug_abbrev  0x0000000000000000       0x14 /usr/lib/gcc/arm-none-eabi/10.3.1/thumb/v6-m/nofp/libgcc.a(_dvmd_tls.o)
 .debug_abbrev  0x0000000000000014       0x8f /usr/lib/gcc/arm-none-eabi/10.3.1/../../../arm-none-eabi/lib/thumb/v6-m/nofp/libc.a(lib_a-strlen-stub.o)

.debug_aranges  0x0000000000000000       0x40
 .debug_aranges
                0x0000000000000000       0x20 /usr/lib/gcc/arm-none-eabi/10.3.1/thumb/v6-m/nofp/libgcc.a(_dvmd_tls.o)
 .debug_aranges
                0x0000000000000020       0x20 /usr/lib/gcc/arm-none-eabi/10.3.1/../../../arm-none-eabi/lib/thumb/v6-m/nofp/libc.a(lib_a-strlen-stub.o)

.debug_str      0x0000000000000000      0x232
 .debug_str     0x0000000000000000       0xa6 /usr/lib/gcc/arm-none-eabi/10.3.1/thumb/v6-m/nofp/libgcc.a(_dvmd_tls.o)
 .debug_str     0x00000000000000a6      0x18c /usr/lib/gcc/arm-none-eabi/10.3.1/../../../arm-none-eabi/lib/thumb/v6-m/nofp/libc.a(lib_a-strlen-stub.o)
                                        0x1c5 (size before relaxing)

.debug_loc      0x0000000000000000       0x90
 .debug_loc     0x0000000000000000       0x90 /usr/lib/gcc/arm-none-eabi/10.3.1/../../../arm-none-eabi/lib/thumb/v6-m/nofp/libc.a(lib_a-strlen-stub.o)

.debug_frame    0x0000000000000000       0x28
 .debug_frame   0x0000000000000000       0x28 /usr/lib/gcc/arm-none-eabi/10.3.1/../../../arm-none-eabi/lib/thumb/v6-m/nofp/libc.a(lib_a-strlen-stub.o)
